{"synthetic": false,
 "schemaVersion": "2025-09-10",
 "outputs":
 {"o": ["cc69dabd64787b82.olean"],
  "i": "70187ef305d08403.ilean",
  "c": "49f55595ce3fd396.c"},
 "log":
 [{"message":
   ".> LEAN_PATH=D:\\learn\\math\\math论文\\release\\lean4\\.lake\\packages\\Cli\\.lake\\build\\lib\\lean;D:\\learn\\math\\math论文\\release\\lean4\\.lake\\packages\\batteries\\.lake\\build\\lib\\lean;D:\\learn\\math\\math论文\\release\\lean4\\.lake\\packages\\Qq\\.lake\\build\\lib\\lean;D:\\learn\\math\\math论文\\release\\lean4\\.lake\\packages\\aesop\\.lake\\build\\lib\\lean;D:\\learn\\math\\math论文\\release\\lean4\\.lake\\packages\\proofwidgets\\.lake\\build\\lib\\lean;D:\\learn\\math\\math论文\\release\\lean4\\.lake\\packages\\importGraph\\.lake\\build\\lib\\lean;D:\\learn\\math\\math论文\\release\\lean4\\.lake\\packages\\LeanSearchClient\\.lake\\build\\lib\\lean;D:\\learn\\math\\math论文\\release\\lean4\\.lake\\packages\\plausible\\.lake\\build\\lib\\lean;D:\\learn\\math\\math论文\\release\\lean4\\.lake\\packages\\mathlib\\.lake\\build\\lib\\lean;D:\\learn\\math\\math论文\\release\\lean4\\.lake\\build\\lib\\lean c:\\Users\\16605\\.elan\\toolchains\\leanprover--lean4---v4.29.1\\bin\\lean.exe D:\\learn\\math\\math论文\\release\\lean4\\DGNG.lean -o D:\\learn\\math\\math论文\\release\\lean4\\.lake\\build\\lib\\lean\\DGNG.olean -i D:\\learn\\math\\math论文\\release\\lean4\\.lake\\build\\lib\\lean\\DGNG.ilean -c D:\\learn\\math\\math论文\\release\\lean4\\.lake\\build\\ir\\DGNG.c --setup D:\\learn\\math\\math论文\\release\\lean4\\.lake\\build\\ir\\DGNG.setup.json --json",
   "level": "trace"}],
 "inputs":
 [["DGNG:deps",
   [["deps",
     [["DGNG/DGNG:extraDep", [["@DGNG:extraDep", "00000000000006bb"]]],
      ["imports",
       [["DGNG.Theorem1 transitive imports (legacy)", "4754b8a92cb9f86c"],
        ["DGNG.Theorem1:importAllArts", "f908ab829a6392ef"],
        ["DGNG.Theorem2 transitive imports (legacy)", "8c4d7b510bda5109"],
        ["DGNG.Theorem2:importAllArts", "4f1822bc111611b1"],
        ["DGNG.Theorem3 transitive imports (legacy)", "4754b8a92cb9f86c"],
        ["DGNG.Theorem3:importAllArts", "15358a3e3ecf0ab0"],
        ["DGNG.Theorem3_n transitive imports (legacy)", "6b48b369c72b1afe"],
        ["DGNG.Theorem3_n:importAllArts", "f75a197b70b4c5e8"],
        ["DGNG.Theorem1_n transitive imports (legacy)", "75fbca54284dc447"],
        ["DGNG.Theorem1_n:importAllArts", "c4d23e9ec59e4b15"],
        ["DGNG.Theorem1_K3 transitive imports (legacy)", "4754b8a92cb9f86c"],
        ["DGNG.Theorem1_K3:importAllArts", "8615c38870c6ca0d"],
        ["DGNG.LaSalle transitive imports (legacy)", "a6a14cf4e4854d7d"],
        ["DGNG.LaSalle:importAllArts", "87fded10e6d5381c"],
        ["DGNG.LaSalle_n transitive imports (legacy)", "32741eba1ead9c77"],
        ["DGNG.LaSalle_n:importAllArts", "1bf0e1644fc684da"],
        ["DGNG.EnergyBound_n transitive imports (legacy)", "758aaf700f6ab54c"],
        ["DGNG.EnergyBound_n:importAllArts", "cd85dbccc442d79c"]]]]],
    ["libs",
     [["import dynlibs", "00000000000006bb"],
      ["package external libraries", "00000000000006bb"],
      ["module dynlibs", "00000000000006bb"],
      ["module plugins", "00000000000006bb"]]]]],
  ["Lean 4.29.1, commit f72c35b3f637c8c6571d353742168ab66cc22c00",
   "fa77a35a41db35c0"],
  ["D:\\learn\\math\\math论文\\release\\lean4\\DGNG.lean", "88d6f9e03e171ff5"],
  ["options",
   [["-DmaxSynthPendingDepth=3", "c78e353d34de85d4"],
    ["-Dweak.linter.mathlibStandardSet=true", "8a155799906f2b42"],
    ["-DrelaxedAutoImplicit=false", "74a2b5546b55be80"],
    ["-Dpp.unicode.fun=true", "9b94070140457fab"]]],
  ["isModule: false", "feefd2a0d3a1847e"],
  ["Module.name: DGNG", "20e29e7347a05a5f"],
  ["Package.id?: (some DGNG)", "2d1233e5fc34346f"],
  ["Module.leanArgs: #[]", "00000000000006bb"]],
 "depHash": "3b5d9c47566234f0"}