{"synthetic": false,
 "schemaVersion": "2025-09-10",
 "outputs":
 {"o": ["cbe30c2854fb81f3.olean"],
  "i": "9c7c47d1750fec7a.ilean",
  "c": "bda9be20cbdc9e88.c"},
 "log":
 [{"message":
   ".> LEAN_PATH=D:\\learn\\math\\math论文\\release\\lean4\\.lake\\packages\\Cli\\.lake\\build\\lib\\lean;D:\\learn\\math\\math论文\\release\\lean4\\.lake\\packages\\batteries\\.lake\\build\\lib\\lean;D:\\learn\\math\\math论文\\release\\lean4\\.lake\\packages\\Qq\\.lake\\build\\lib\\lean;D:\\learn\\math\\math论文\\release\\lean4\\.lake\\packages\\aesop\\.lake\\build\\lib\\lean;D:\\learn\\math\\math论文\\release\\lean4\\.lake\\packages\\proofwidgets\\.lake\\build\\lib\\lean;D:\\learn\\math\\math论文\\release\\lean4\\.lake\\packages\\importGraph\\.lake\\build\\lib\\lean;D:\\learn\\math\\math论文\\release\\lean4\\.lake\\packages\\LeanSearchClient\\.lake\\build\\lib\\lean;D:\\learn\\math\\math论文\\release\\lean4\\.lake\\packages\\plausible\\.lake\\build\\lib\\lean;D:\\learn\\math\\math论文\\release\\lean4\\.lake\\packages\\mathlib\\.lake\\build\\lib\\lean;D:\\learn\\math\\math论文\\release\\lean4\\.lake\\build\\lib\\lean c:\\Users\\16605\\.elan\\toolchains\\leanprover--lean4---v4.29.1\\bin\\lean.exe D:\\learn\\math\\math论文\\release\\lean4\\DGNG\\EnergyBound_n.lean -o D:\\learn\\math\\math论文\\release\\lean4\\.lake\\build\\lib\\lean\\DGNG\\EnergyBound_n.olean -i D:\\learn\\math\\math论文\\release\\lean4\\.lake\\build\\lib\\lean\\DGNG\\EnergyBound_n.ilean -c D:\\learn\\math\\math论文\\release\\lean4\\.lake\\build\\ir\\DGNG\\EnergyBound_n.c --setup D:\\learn\\math\\math论文\\release\\lean4\\.lake\\build\\ir\\DGNG\\EnergyBound_n.setup.json --json",
   "level": "trace"}],
 "inputs":
 [["DGNG.EnergyBound_n:deps",
   [["deps",
     [["DGNG/DGNG:extraDep", [["@DGNG:extraDep", "00000000000006bb"]]],
      ["imports",
       [["Mathlib.Tactic transitive imports (legacy)", "872afd5904257ae9"],
        ["Mathlib.Tactic:importAllArts", "8033b5d46c2dd76a"],
        ["DGNG.GraphTheory transitive imports (legacy)", "56160a7da3af8d3d"],
        ["DGNG.GraphTheory:importAllArts", "8bde87ef28dad4fe"],
        ["DGNG.Theorem1_n transitive imports (legacy)", "75fbca54284dc447"],
        ["DGNG.Theorem1_n:importAllArts", "c4d23e9ec59e4b15"],
        ["DGNG.Theorem2 transitive imports (legacy)", "8c4d7b510bda5109"],
        ["DGNG.Theorem2:importAllArts", "4f1822bc111611b1"]]]]],
    ["libs",
     [["import dynlibs", "00000000000006bb"],
      ["package external libraries", "00000000000006bb"],
      ["module dynlibs", "00000000000006bb"],
      ["module plugins", "00000000000006bb"]]]]],
  ["Lean 4.29.1, commit f72c35b3f637c8c6571d353742168ab66cc22c00",
   "fa77a35a41db35c0"],
  ["D:\\learn\\math\\math论文\\release\\lean4\\DGNG\\EnergyBound_n.lean",
   "e261250ded6cfc33"],
  ["options",
   [["-DmaxSynthPendingDepth=3", "c78e353d34de85d4"],
    ["-Dweak.linter.mathlibStandardSet=true", "8a155799906f2b42"],
    ["-DrelaxedAutoImplicit=false", "74a2b5546b55be80"],
    ["-Dpp.unicode.fun=true", "9b94070140457fab"]]],
  ["isModule: false", "feefd2a0d3a1847e"],
  ["Module.name: DGNG.EnergyBound_n", "2148e1b793f8d246"],
  ["Package.id?: (some DGNG)", "2d1233e5fc34346f"],
  ["Module.leanArgs: #[]", "00000000000006bb"]],
 "depHash": "ba58cf9a2a46687c"}