{"synthetic": false,
 "schemaVersion": "2025-09-10",
 "outputs":
 {"o": ["116823c236e572cf.olean"],
  "i": "ac071948b3068804.ilean",
  "c": "3549ef853a3b299f.c"},
 "log":
 [{"message":
   ".> LEAN_PATH=D:\\learn\\math\\math论文\\release\\lean4\\.lake\\packages\\Cli\\.lake\\build\\lib\\lean;D:\\learn\\math\\math论文\\release\\lean4\\.lake\\packages\\batteries\\.lake\\build\\lib\\lean;D:\\learn\\math\\math论文\\release\\lean4\\.lake\\packages\\Qq\\.lake\\build\\lib\\lean;D:\\learn\\math\\math论文\\release\\lean4\\.lake\\packages\\aesop\\.lake\\build\\lib\\lean;D:\\learn\\math\\math论文\\release\\lean4\\.lake\\packages\\proofwidgets\\.lake\\build\\lib\\lean;D:\\learn\\math\\math论文\\release\\lean4\\.lake\\packages\\importGraph\\.lake\\build\\lib\\lean;D:\\learn\\math\\math论文\\release\\lean4\\.lake\\packages\\LeanSearchClient\\.lake\\build\\lib\\lean;D:\\learn\\math\\math论文\\release\\lean4\\.lake\\packages\\plausible\\.lake\\build\\lib\\lean;D:\\learn\\math\\math论文\\release\\lean4\\.lake\\packages\\mathlib\\.lake\\build\\lib\\lean;D:\\learn\\math\\math论文\\release\\lean4\\.lake\\build\\lib\\lean c:\\Users\\16605\\.elan\\toolchains\\leanprover--lean4---v4.29.1\\bin\\lean.exe D:\\learn\\math\\math论文\\release\\lean4\\DGNG\\LaSalle.lean -o D:\\learn\\math\\math论文\\release\\lean4\\.lake\\build\\lib\\lean\\DGNG\\LaSalle.olean -i D:\\learn\\math\\math论文\\release\\lean4\\.lake\\build\\lib\\lean\\DGNG\\LaSalle.ilean -c D:\\learn\\math\\math论文\\release\\lean4\\.lake\\build\\ir\\DGNG\\LaSalle.c --setup D:\\learn\\math\\math论文\\release\\lean4\\.lake\\build\\ir\\DGNG\\LaSalle.setup.json --json",
   "level": "trace"},
  {"message":
   "DGNG/LaSalle.lean:530:0: Please, add a comment explaining the need for modifying the maxHeartbeat limit, as in\nset_option maxHeartbeats 0 in\n-- reason for change\n...\n\nNote: This linter can be disabled with `set_option linter.style.maxHeartbeats false`",
   "level": "warning"},
  {"message":
   "DGNG/LaSalle.lean:534:100: This line exceeds the 100 character limit, please shorten it!\n\nNote: This linter can be disabled with `set_option linter.style.longLine false`",
   "level": "warning"},
  {"message":
   "DGNG/LaSalle.lean:575:100: This line exceeds the 100 character limit, please shorten it!\n\nNote: This linter can be disabled with `set_option linter.style.longLine false`",
   "level": "warning"},
  {"message":
   "DGNG/LaSalle.lean:581:100: This line exceeds the 100 character limit, please shorten it!\n\nNote: This linter can be disabled with `set_option linter.style.longLine false`",
   "level": "warning"}],
 "inputs":
 [["DGNG.LaSalle:deps",
   [["deps",
     [["DGNG/DGNG:extraDep", [["@DGNG:extraDep", "00000000000006bb"]]],
      ["imports",
       [["Mathlib.Tactic transitive imports (legacy)", "872afd5904257ae9"],
        ["Mathlib.Tactic:importAllArts", "8033b5d46c2dd76a"],
        ["Mathlib.Analysis.Calculus.Deriv.Basic transitive imports (legacy)",
         "2c189ff969ec4e06"],
        ["Mathlib.Analysis.Calculus.Deriv.Basic:importAllArts",
         "a613debf7a840834"],
        ["Mathlib.Analysis.Calculus.Deriv.MeanValue transitive imports (legacy)",
         "4268081b90d8a7f2"],
        ["Mathlib.Analysis.Calculus.Deriv.MeanValue:importAllArts",
         "0c84cc8925217908"],
        ["Mathlib.Analysis.SpecialFunctions.Trigonometric.DerivHyp transitive imports (legacy)",
         "1807dd5c65d0ddba"],
        ["Mathlib.Analysis.SpecialFunctions.Trigonometric.DerivHyp:importAllArts",
         "3e89131ab9ea8061"],
        ["Mathlib.Analysis.SpecialFunctions.Log.Deriv transitive imports (legacy)",
         "7ad022cbf0e9b273"],
        ["Mathlib.Analysis.SpecialFunctions.Log.Deriv:importAllArts",
         "d999fae45e5a4be8"],
        ["DGNG.Theorem1 transitive imports (legacy)", "4754b8a92cb9f86c"],
        ["DGNG.Theorem1:importAllArts", "f908ab829a6392ef"],
        ["DGNG.Theorem2 transitive imports (legacy)", "8c4d7b510bda5109"],
        ["DGNG.Theorem2:importAllArts", "4f1822bc111611b1"]]]]],
    ["libs",
     [["import dynlibs", "00000000000006bb"],
      ["package external libraries", "00000000000006bb"],
      ["module dynlibs", "00000000000006bb"],
      ["module plugins", "00000000000006bb"]]]]],
  ["Lean 4.29.1, commit f72c35b3f637c8c6571d353742168ab66cc22c00",
   "fa77a35a41db35c0"],
  ["D:\\learn\\math\\math论文\\release\\lean4\\DGNG\\LaSalle.lean",
   "97a4e27c7e224b96"],
  ["options",
   [["-DmaxSynthPendingDepth=3", "c78e353d34de85d4"],
    ["-Dweak.linter.mathlibStandardSet=true", "8a155799906f2b42"],
    ["-DrelaxedAutoImplicit=false", "74a2b5546b55be80"],
    ["-Dpp.unicode.fun=true", "9b94070140457fab"]]],
  ["isModule: false", "feefd2a0d3a1847e"],
  ["Module.name: DGNG.LaSalle", "6015039fdcaec4cb"],
  ["Package.id?: (some DGNG)", "2d1233e5fc34346f"],
  ["Module.leanArgs: #[]", "00000000000006bb"]],
 "depHash": "95b595b113da0db0"}