{"synthetic": false,
 "schemaVersion": "2025-09-10",
 "outputs":
 {"o": ["f9b73c25c49f80b6.olean"],
  "i": "79b96385335a6fb3.ilean",
  "c": "0e0d628c0e1543b2.c"},
 "log":
 [{"message":
   ".> LEAN_PATH=D:\\learn\\math\\math论文\\release\\lean4\\.lake\\packages\\Cli\\.lake\\build\\lib\\lean;D:\\learn\\math\\math论文\\release\\lean4\\.lake\\packages\\batteries\\.lake\\build\\lib\\lean;D:\\learn\\math\\math论文\\release\\lean4\\.lake\\packages\\Qq\\.lake\\build\\lib\\lean;D:\\learn\\math\\math论文\\release\\lean4\\.lake\\packages\\aesop\\.lake\\build\\lib\\lean;D:\\learn\\math\\math论文\\release\\lean4\\.lake\\packages\\proofwidgets\\.lake\\build\\lib\\lean;D:\\learn\\math\\math论文\\release\\lean4\\.lake\\packages\\importGraph\\.lake\\build\\lib\\lean;D:\\learn\\math\\math论文\\release\\lean4\\.lake\\packages\\LeanSearchClient\\.lake\\build\\lib\\lean;D:\\learn\\math\\math论文\\release\\lean4\\.lake\\packages\\plausible\\.lake\\build\\lib\\lean;D:\\learn\\math\\math论文\\release\\lean4\\.lake\\packages\\mathlib\\.lake\\build\\lib\\lean;D:\\learn\\math\\math论文\\release\\lean4\\.lake\\build\\lib\\lean c:\\Users\\16605\\.elan\\toolchains\\leanprover--lean4---v4.29.1\\bin\\lean.exe D:\\learn\\math\\math论文\\release\\lean4\\DGNG\\Theorem3_n.lean -o D:\\learn\\math\\math论文\\release\\lean4\\.lake\\build\\lib\\lean\\DGNG\\Theorem3_n.olean -i D:\\learn\\math\\math论文\\release\\lean4\\.lake\\build\\lib\\lean\\DGNG\\Theorem3_n.ilean -c D:\\learn\\math\\math论文\\release\\lean4\\.lake\\build\\ir\\DGNG\\Theorem3_n.c --setup D:\\learn\\math\\math论文\\release\\lean4\\.lake\\build\\ir\\DGNG\\Theorem3_n.setup.json --json",
   "level": "trace"},
  {"message":
   "DGNG/Theorem3_n.lean:60:100: This line exceeds the 100 character limit, please shorten it!\n\nNote: This linter can be disabled with `set_option linter.style.longLine false`",
   "level": "warning"},
  {"message":
   "DGNG/Theorem3_n.lean:241:100: This line exceeds the 100 character limit, please shorten it!\n\nNote: This linter can be disabled with `set_option linter.style.longLine false`",
   "level": "warning"}],
 "inputs":
 [["DGNG.Theorem3_n:deps",
   [["deps",
     [["DGNG/DGNG:extraDep", [["@DGNG:extraDep", "00000000000006bb"]]],
      ["imports",
       [["Mathlib.Tactic transitive imports (legacy)", "872afd5904257ae9"],
        ["Mathlib.Tactic:importAllArts", "8033b5d46c2dd76a"],
        ["DGNG.GraphTheory transitive imports (legacy)", "56160a7da3af8d3d"],
        ["DGNG.GraphTheory:importAllArts", "8bde87ef28dad4fe"]]]]],
    ["libs",
     [["import dynlibs", "00000000000006bb"],
      ["package external libraries", "00000000000006bb"],
      ["module dynlibs", "00000000000006bb"],
      ["module plugins", "00000000000006bb"]]]]],
  ["Lean 4.29.1, commit f72c35b3f637c8c6571d353742168ab66cc22c00",
   "fa77a35a41db35c0"],
  ["D:\\learn\\math\\math论文\\release\\lean4\\DGNG\\Theorem3_n.lean",
   "3b7d930aceb48f9e"],
  ["options",
   [["-DmaxSynthPendingDepth=3", "c78e353d34de85d4"],
    ["-Dweak.linter.mathlibStandardSet=true", "8a155799906f2b42"],
    ["-DrelaxedAutoImplicit=false", "74a2b5546b55be80"],
    ["-Dpp.unicode.fun=true", "9b94070140457fab"]]],
  ["isModule: false", "feefd2a0d3a1847e"],
  ["Module.name: DGNG.Theorem3_n", "49bb88315ebff480"],
  ["Package.id?: (some DGNG)", "2d1233e5fc34346f"],
  ["Module.leanArgs: #[]", "00000000000006bb"]],
 "depHash": "0d403944df514538"}