⚠ [3295/3302] Replayed DGNG.Theorem3_n
warning: DGNG/Theorem3_n.lean:60:100: This line exceeds the 100 character limit, please shorten it!

Note: This linter can be disabled with `set_option linter.style.longLine false`
warning: DGNG/Theorem3_n.lean:118:16: This simp argument is unused:
  hj_neg

Hint: Omit it from the simp argument list.
  simp [hj_n̵e̵g̵,̵ ̵h̵j̵_̵zero] at h_eqP

Note: This linter can be disabled with `set_option linter.unusedSimpArgs false`
warning: DGNG/Theorem3_n.lean:128:18: This simp argument is unused:
  hj_pos

Hint: Omit it from the simp argument list.
  simp [hj_p̵o̵s̵,̵ ̵h̵j̵_̵zero] at h_eqP

Note: This linter can be disabled with `set_option linter.unusedSimpArgs false`
warning: DGNG/Theorem3_n.lean:139:18: This simp argument is unused:
  hj_pos

Hint: Omit it from the simp argument list.
  simp [hj_p̵o̵s̵,̵ ̵h̵j̵_̵zero] at h_eqP

Note: This linter can be disabled with `set_option linter.unusedSimpArgs false`
warning: DGNG/Theorem3_n.lean:241:100: This line exceeds the 100 character limit, please shorten it!

Note: This linter can be disabled with `set_option linter.style.longLine false`
⚠ [3296/3302] Replayed DGNG.Theorem1_n
warning: DGNG/Theorem1_n.lean:17:100: This line exceeds the 100 character limit, please shorten it!

Note: This linter can be disabled with `set_option linter.style.longLine false`
warning: DGNG/Theorem1_n.lean:24:100: This line exceeds the 100 character limit, please shorten it!

Note: This linter can be disabled with `set_option linter.style.longLine false`
warning: DGNG/Theorem1_n.lean:31:20: unused variable `ε`

Note: This linter can be disabled with `set_option linter.unusedVariables false`
warning: DGNG/Theorem1_n.lean:32:100: This line exceeds the 100 character limit, please shorten it!

Note: This linter can be disabled with `set_option linter.style.longLine false`
warning: DGNG/Theorem1_n.lean:99:100: This line exceeds the 100 character limit, please shorten it!

Note: This linter can be disabled with `set_option linter.style.longLine false`
warning: DGNG/Theorem1_n.lean:100:100: This line exceeds the 100 character limit, please shorten it!

Note: This linter can be disabled with `set_option linter.style.longLine false`
warning: DGNG/Theorem1_n.lean:138:100: This line exceeds the 100 character limit, please shorten it!

Note: This linter can be disabled with `set_option linter.style.longLine false`
⚠ [3297/3302] Replayed DGNG.Theorem1_K3
warning: DGNG/Theorem1_K3.lean:82:0: Please, add a comment explaining the need for modifying the maxHeartbeat limit, as in
set_option maxHeartbeats 400000 in
-- reason for change
...

Note: This linter can be disabled with `set_option linter.style.maxHeartbeats false`
⚠ [3298/3302] Replayed DGNG.LaSalle
warning: DGNG/LaSalle.lean:222:48: unused variable `hα`

Note: This linter can be disabled with `set_option linter.unusedVariables false`
warning: DGNG/LaSalle.lean:530:0: Please, add a comment explaining the need for modifying the maxHeartbeat limit, as in
set_option maxHeartbeats 0 in
-- reason for change
...

Note: This linter can be disabled with `set_option linter.style.maxHeartbeats false`
warning: DGNG/LaSalle.lean:534:100: This line exceeds the 100 character limit, please shorten it!

Note: This linter can be disabled with `set_option linter.style.longLine false`
warning: DGNG/LaSalle.lean:575:100: This line exceeds the 100 character limit, please shorten it!

Note: This linter can be disabled with `set_option linter.style.longLine false`
warning: DGNG/LaSalle.lean:581:100: This line exceeds the 100 character limit, please shorten it!

Note: This linter can be disabled with `set_option linter.style.longLine false`
⚠ [3300/3302] Replayed DGNG.LaSalle_n
warning: DGNG/LaSalle_n.lean:60:2: The `induction'` tactic is discouraged: please strongly consider using `induction` instead.

Note: This linter can be disabled with `set_option linter.style.induction false`
warning: DGNG/LaSalle_n.lean:88:13: unused variable `hB_nonneg`

Note: This linter can be disabled with `set_option linter.unusedVariables false`
warning: DGNG/LaSalle_n.lean:120:100: This line exceeds the 100 character limit, please shorten it!

Note: This linter can be disabled with `set_option linter.style.longLine false`
warning: DGNG/LaSalle_n.lean:159:100: This line exceeds the 100 character limit, please shorten it!

Note: This linter can be disabled with `set_option linter.style.longLine false`
warning: DGNG/LaSalle_n.lean:162:100: This line exceeds the 100 character limit, please shorten it!

Note: This linter can be disabled with `set_option linter.style.longLine false`
warning: DGNG/LaSalle_n.lean:173:100: This line exceeds the 100 character limit, please shorten it!

Note: This linter can be disabled with `set_option linter.style.longLine false`
warning: DGNG/LaSalle_n.lean:174:100: This line exceeds the 100 character limit, please shorten it!

Note: This linter can be disabled with `set_option linter.style.longLine false`
warning: DGNG/LaSalle_n.lean:188:100: This line exceeds the 100 character limit, please shorten it!

Note: This linter can be disabled with `set_option linter.style.longLine false`
warning: DGNG/LaSalle_n.lean:197:100: This line exceeds the 100 character limit, please shorten it!

Note: This linter can be disabled with `set_option linter.style.longLine false`
warning: DGNG/LaSalle_n.lean:328:100: This line exceeds the 100 character limit, please shorten it!

Note: This linter can be disabled with `set_option linter.style.longLine false`
warning: DGNG/LaSalle_n.lean:330:100: This line exceeds the 100 character limit, please shorten it!

Note: This linter can be disabled with `set_option linter.style.longLine false`
warning: DGNG/LaSalle_n.lean:343:100: This line exceeds the 100 character limit, please shorten it!

Note: This linter can be disabled with `set_option linter.style.longLine false`
warning: DGNG/LaSalle_n.lean:359:100: This line exceeds the 100 character limit, please shorten it!

Note: This linter can be disabled with `set_option linter.style.longLine false`
warning: DGNG/LaSalle_n.lean:371:100: This line exceeds the 100 character limit, please shorten it!

Note: This linter can be disabled with `set_option linter.style.longLine false`
warning: DGNG/LaSalle_n.lean:486:100: This line exceeds the 100 character limit, please shorten it!

Note: This linter can be disabled with `set_option linter.style.longLine false`
warning: DGNG/LaSalle_n.lean:621:0: Please, write a comment here or remove this line, but do not place empty lines within commands!
Context:
                                                    ↓
  ⏎    set E0 := dgngEnergy_n α g (z 0) with hE0_def⏎⏎    -- (1) Energy is non-increasing along trajectories⏎

Note: This linter can be disabled with `set_option linter.style.emptyLine false`
warning: DGNG/LaSalle_n.lean:626:0: Please, write a comment here or remove this line, but do not place empty lines within commands!
Context:
                                                                           ↓
  ⏎      exact energy_non_increasing_n z ε α hε g hz_solution h_symm 0 t ht⏎⏎    -- (2) From energy lower bound: for any t ≥ 0,⏎

Note: This linter can be disabled with `set_option linter.style.emptyLine false`
warning: DGNG/LaSalle_n.lean:651:0: Please, write a comment here or remove this line, but do not place empty lines within commands!
Context:
                       ↓
  ⏎          positivity⏎⏎    set C_w_sq := (4/α) * (E0 + (g.edgeCount : ℝ) * (M^4) / α) with hC_w_sq_def⏎

Note: This linter can be disabled with `set_option linter.style.emptyLine false`
warning: DGNG/LaSalle_n.lean:661:0: Please, write a comment here or remove this line, but do not place empty lines within commands!
Context:
                   ↓
  ⏎      positivity⏎⏎    -- (3) Bound edge weights: each |w_ij(t)| ≤ sqrt(C_w_sq) for edges⏎

Note: This linter can be disabled with `set_option linter.style.emptyLine false`
warning: DGNG/LaSalle_n.lean:688:0: Please, write a comment here or remove this line, but do not place empty lines within commands!
Context:
                                                              ↓
  ⏎        _ ≤ Real.sqrt C_w_sq := Real.sqrt_le_sqrt h_sq_edge⏎⏎    -- (4) Non-edge weights are constant (ODE is ẇ_ij = 0)⏎

Note: This linter can be disabled with `set_option linter.style.emptyLine false`
warning: DGNG/LaSalle_n.lean:705:0: Please, write a comment here or remove this line, but do not place empty lines within commands!
Context:
                          ↓
  ⏎      exact h_const t 0⏎⏎    -- (5) Maximum initial absolute value over all pairs⏎

Note: This linter can be disabled with `set_option linter.style.emptyLine false`
warning: DGNG/LaSalle_n.lean:719:0: Please, write a comment here or remove this line, but do not place empty lines within commands!
Context:
                 ↓
  ⏎      linarith⏎⏎    set W_max := max (Real.sqrt C_w_sq) C_init with hW_max_def⏎

Note: This linter can be disabled with `set_option linter.style.emptyLine false`
warning: DGNG/LaSalle_n.lean:723:0: Please, write a comment here or remove this line, but do not place empty lines within commands!
Context:
                                                      ↓
  ⏎      refine le_max_of_le_left (Real.sqrt_nonneg _)⏎⏎    -- (6) Final bound: every weight at any t ≥ 0 satisfies |w_ij(t)| ≤ W_max⏎

Note: This linter can be disabled with `set_option linter.style.emptyLine false`
warning: DGNG/LaSalle_n.lean:746:44: unused variable `hε`

Note: This linter can be disabled with `set_option linter.unusedVariables false`
warning: DGNG/LaSalle_n.lean:746:57: unused variable `hα`

Note: This linter can be disabled with `set_option linter.unusedVariables false`
warning: DGNG/LaSalle_n.lean:762:100: This line exceeds the 100 character limit, please shorten it!

Note: This linter can be disabled with `set_option linter.style.longLine false`
warning: DGNG/LaSalle_n.lean:849:100: This line exceeds the 100 character limit, please shorten it!

Note: This linter can be disabled with `set_option linter.style.longLine false`
warning: DGNG/LaSalle_n.lean:855:100: This line exceeds the 100 character limit, please shorten it!

Note: This linter can be disabled with `set_option linter.style.longLine false`
warning: DGNG/LaSalle_n.lean:857:100: This line exceeds the 100 character limit, please shorten it!

Note: This linter can be disabled with `set_option linter.style.longLine false`
warning: DGNG/LaSalle_n.lean:873:0: Please, write a comment here or remove this line, but do not place empty lines within commands!
Context:
                                                                             ↓
  ⏎  let E_closed : Set (State n × Weight n) := {p | dgngEnergy_n α g p ≤ E₀}⏎⏎  -- S is compact: product of closed intervals [-C_x, C_x] over Fin n.⏎

Note: This linter can be disabled with `set_option linter.style.emptyLine false`
warning: DGNG/LaSalle_n.lean:880:0: Please, write a comment here or remove this line, but do not place empty lines within commands!
Context:
                                                                     ↓
  ⏎    exact isCompact_pi_infinite (fun (i : Fin n) => isCompact_Icc)⏎⏎  -- T is compact: nested product of intervals.⏎

Note: This linter can be disabled with `set_option linter.style.emptyLine false`
warning: DGNG/LaSalle_n.lean:891:0: Please, write a comment here or remove this line, but do not place empty lines within commands!
Context:
                                                                       ↓
  ⏎    exact isCompact_pi_infinite (fun (i : Fin n) => h_inner_compact)⏎⏎  -- S x T is compact (product of two compact sets).⏎

Note: This linter can be disabled with `set_option linter.style.emptyLine false`
warning: DGNG/LaSalle_n.lean:895:0: Please, write a comment here or remove this line, but do not place empty lines within commands!
Context:
                                 ↓
  ⏎    hS_compact.prod hT_compact⏎⏎  -- E_closed is closed because dgngEnergy_n is continuous and (-infinity, E₀] is closed in R.⏎

Note: This linter can be disabled with `set_option linter.style.emptyLine false`
warning: DGNG/LaSalle_n.lean:903:0: Please, write a comment here or remove this line, but do not place empty lines within commands!
Context:
                                        ↓
  ⏎    simpa [E_closed] using h_preimage⏎⏎  -- Symm_total is closed: each condition w_ij = w_ji is the kernel of a continuous map.⏎

Note: This linter can be disabled with `set_option linter.style.emptyLine false`
warning: DGNG/LaSalle_n.lean:916:0: Please, write a comment here or remove this line, but do not place empty lines within commands!
Context:
                                                                                        ↓
  ⏎    refine isClosed_iInter (fun i => isClosed_iInter (fun j => h_symm_eq_closed i j))⏎⏎  -- Intersection of the two closed sets is closed.⏎

Note: This linter can be disabled with `set_option linter.style.emptyLine false`
warning: DGNG/LaSalle_n.lean:920:0: Please, write a comment here or remove this line, but do not place empty lines within commands!
Context:
                                                  ↓
  ⏎    IsClosed.inter hSymm_total_closed hE_closed⏎⏎  -- Set equality: Omega_n = (S x T) ∩ (Symm_total ∩ E_closed).⏎

Note: This linter can be disabled with `set_option linter.style.emptyLine false`
warning: DGNG/LaSalle_n.lean:930:0: Please, write a comment here or remove this line, but do not place empty lines within commands!
Context:
                                  ↓
  ⏎      exact ⟨hE, hX, hW, hSymm⟩⏎⏎  rw [h_eq]⏎

Note: This linter can be disabled with `set_option linter.style.emptyLine false`
warning: DGNG/LaSalle_n.lean:906:100: This line exceeds the 100 character limit, please shorten it!

Note: This linter can be disabled with `set_option linter.style.longLine false`
warning: DGNG/LaSalle_n.lean:939:44: unused variable `hε`

Note: This linter can be disabled with `set_option linter.unusedVariables false`
warning: DGNG/LaSalle_n.lean:940:5: unused variable `hz_solution`

Note: This linter can be disabled with `set_option linter.unusedVariables false`
Build completed successfully (3302 jobs).
